<!DOCTYPE html>
<html>
  <head>
    <title>Blog</title>
    <meta content='text/html; charset=utf-8' http-equiv='Content-Type'>
    <link href='main.css' rel='stylesheet' type='text/css'>
  </head>
  <body>
    <div id='header'>
      <h1>Blog</h1>
      <h2>Jason's Blog</h2>
    </div>
    <div id='content'>
      <div class='entry'>
        <h3 class='title'>The Fellowship of the Ring</h3>
        <p class='body'>We should walk instead of fly</p>
      </div>
      <div class='entry'>
        <h3 class='title'>The Two Towers</h3>
        <p class='body'>We're working on a third</p>
      </div>
      <div class='entry'>
        <h3 class='title'>The Return of the King</h3>
        <p class='body'>He's back from vacation</p>
      </div>
    </div>
    <div id='footer'>
      <p>
        All content copyright Â© Jason
      </p>
    </div>
  </body>
</html>
